Archive member included because of file (symbol)

C:/NXP/S32DS_ARM_v2.0/S32DS/arm_ewl2/lib/armv7e-m\libc99.a(exit.o)
                              C:/NXP/S32DS_ARM_v2.0/S32DS/arm_ewl2/lib/armv7e-m/__arm_start.o (exit)
C:/NXP/S32DS_ARM_v2.0/S32DS/arm_ewl2/lib/armv7e-m\libc99.a(memset.o)
                              C:/NXP/S32DS_ARM_v2.0/S32DS/arm_ewl2/lib/armv7e-m/__arm_start.o (memset)
C:/NXP/S32DS_ARM_v2.0/S32DS/arm_ewl2/lib/armv7e-m\libc99.a(__filll_mem.o)
                              C:/NXP/S32DS_ARM_v2.0/S32DS/arm_ewl2/lib/armv7e-m\libc99.a(memset.o) (__fill_mem)
C:/NXP/S32DS_ARM_v2.0/S32DS/arm_ewl2/lib/armv7e-m\librt.a(gcc_ctor_dtor.o)
                              C:/NXP/S32DS_ARM_v2.0/S32DS/arm_ewl2/lib/armv7e-m/__arm_start.o (__init_cpp)
C:/NXP/S32DS_ARM_v2.0/S32DS/arm_ewl2/lib/armv7e-m\librt.a(__arm_eabi_init.o)
                              C:/NXP/S32DS_ARM_v2.0/S32DS/arm_ewl2/lib/armv7e-m\libc99.a(exit.o) (__destroy_global_chain)
C:/NXP/S32DS_ARM_v2.0/S32DS/arm_ewl2/lib/armv7e-m\librt.a(ROMCopy.o)
                              C:/NXP/S32DS_ARM_v2.0/S32DS/arm_ewl2/lib/armv7e-m/__arm_start.o (__copy_rom_sections_to_ram)

Discarded input sections

 .text          0x00000000        0x0 C:/NXP/S32DS_ARM_v2.0/S32DS/arm_ewl2/lib/armv7e-m/__arm_start.o
 .data          0x00000000        0x0 C:/NXP/S32DS_ARM_v2.0/S32DS/arm_ewl2/lib/armv7e-m/__arm_start.o
 .bss           0x00000000        0x0 C:/NXP/S32DS_ARM_v2.0/S32DS/arm_ewl2/lib/armv7e-m/__arm_start.o
 .text.__thumb_startup
                0x00000000       0x3c C:/NXP/S32DS_ARM_v2.0/S32DS/arm_ewl2/lib/armv7e-m/__arm_start.o
 .text.__iar_program_start
                0x00000000        0x4 C:/NXP/S32DS_ARM_v2.0/S32DS/arm_ewl2/lib/armv7e-m/__arm_start.o
 .bss.argv      0x00000000        0x4 C:/NXP/S32DS_ARM_v2.0/S32DS/arm_ewl2/lib/armv7e-m/__arm_start.o
 .debug_info    0x00000000      0x144 C:/NXP/S32DS_ARM_v2.0/S32DS/arm_ewl2/lib/armv7e-m/__arm_start.o
 .debug_abbrev  0x00000000       0xc0 C:/NXP/S32DS_ARM_v2.0/S32DS/arm_ewl2/lib/armv7e-m/__arm_start.o
 .debug_aranges
                0x00000000       0x28 C:/NXP/S32DS_ARM_v2.0/S32DS/arm_ewl2/lib/armv7e-m/__arm_start.o
 .debug_line    0x00000000       0x68 C:/NXP/S32DS_ARM_v2.0/S32DS/arm_ewl2/lib/armv7e-m/__arm_start.o
 .debug_str     0x00000000      0x270 C:/NXP/S32DS_ARM_v2.0/S32DS/arm_ewl2/lib/armv7e-m/__arm_start.o
 .comment       0x00000000       0x71 C:/NXP/S32DS_ARM_v2.0/S32DS/arm_ewl2/lib/armv7e-m/__arm_start.o
 .debug_frame   0x00000000       0x30 C:/NXP/S32DS_ARM_v2.0/S32DS/arm_ewl2/lib/armv7e-m/__arm_start.o
 .ARM.attributes
                0x00000000       0x33 C:/NXP/S32DS_ARM_v2.0/S32DS/arm_ewl2/lib/armv7e-m/__arm_start.o
 .group         0x00000000        0x8 ./src/time400ms.o
 .group         0x00000000        0x8 ./src/time400ms.o
 .group         0x00000000        0x8 ./src/time400ms.o
 .group         0x00000000        0x8 ./src/time400ms.o
 .group         0x00000000        0x8 ./src/time400ms.o
 .group         0x00000000        0x8 ./src/time400ms.o
 .group         0x00000000        0x8 ./src/time400ms.o
 .group         0x00000000        0x8 ./src/time400ms.o
 .group         0x00000000        0x8 ./src/time400ms.o
 .group         0x00000000        0x8 ./src/time400ms.o
 .group         0x00000000        0x8 ./src/time400ms.o
 .group         0x00000000        0x8 ./src/time400ms.o
 .group         0x00000000        0x8 ./src/time400ms.o
 .group         0x00000000        0x8 ./src/time400ms.o
 .text          0x00000000        0x0 ./src/time400ms.o
 .data          0x00000000        0x0 ./src/time400ms.o
 .bss           0x00000000        0x0 ./src/time400ms.o
 .group         0x00000000        0x8 ./src/time100ms.o
 .group         0x00000000        0x8 ./src/time100ms.o
 .group         0x00000000        0x8 ./src/time100ms.o
 .group         0x00000000        0x8 ./src/time100ms.o
 .group         0x00000000        0x8 ./src/time100ms.o
 .group         0x00000000        0x8 ./src/time100ms.o
 .group         0x00000000        0x8 ./src/time100ms.o
 .group         0x00000000        0x8 ./src/time100ms.o
 .group         0x00000000        0x8 ./src/time100ms.o
 .group         0x00000000        0x8 ./src/time100ms.o
 .group         0x00000000        0x8 ./src/time100ms.o
 .group         0x00000000        0x8 ./src/time100ms.o
 .group         0x00000000        0x8 ./src/time100ms.o
 .group         0x00000000        0x8 ./src/time100ms.o
 .text          0x00000000        0x0 ./src/time100ms.o
 .data          0x00000000        0x0 ./src/time100ms.o
 .bss           0x00000000        0x0 ./src/time100ms.o
 .text.EnableTimer100ms
                0x00000000       0x20 ./src/time100ms.o
 .debug_macro   0x00000000      0x868 ./src/time100ms.o
 .debug_macro   0x00000000       0x52 ./src/time100ms.o
 .debug_macro   0x00000000       0xa0 ./src/time100ms.o
 .debug_macro   0x00000000       0x16 ./src/time100ms.o
 .debug_macro   0x00000000       0x19 ./src/time100ms.o
 .debug_macro   0x00000000       0x64 ./src/time100ms.o
 .debug_macro   0x00000000      0x185 ./src/time100ms.o
 .debug_macro   0x00000000      0x140 ./src/time100ms.o
 .debug_macro   0x00000000       0x9d ./src/time100ms.o
 .debug_macro   0x00000000       0x10 ./src/time100ms.o
 .debug_macro   0x00000000      0x15b ./src/time100ms.o
 .debug_macro   0x00000000       0x28 ./src/time100ms.o
 .debug_macro   0x00000000       0x58 ./src/time100ms.o
 .debug_macro   0x00000000     0xdf8d ./src/time100ms.o
 .group         0x00000000        0x8 ./src/main.o
 .group         0x00000000        0x8 ./src/main.o
 .group         0x00000000        0x8 ./src/main.o
 .group         0x00000000        0x8 ./src/main.o
 .group         0x00000000        0x8 ./src/main.o
 .group         0x00000000        0x8 ./src/main.o
 .group         0x00000000        0x8 ./src/main.o
 .group         0x00000000        0x8 ./src/main.o
 .group         0x00000000        0x8 ./src/main.o
 .group         0x00000000        0x8 ./src/main.o
 .group         0x00000000        0x8 ./src/main.o
 .group         0x00000000        0x8 ./src/main.o
 .group         0x00000000        0x8 ./src/main.o
 .group         0x00000000        0x8 ./src/main.o
 .group         0x00000000        0x8 ./src/main.o
 .text          0x00000000        0x0 ./src/main.o
 .data          0x00000000        0x0 ./src/main.o
 .bss           0x00000000        0x0 ./src/main.o
 .debug_macro   0x00000000      0x868 ./src/main.o
 .debug_macro   0x00000000       0x52 ./src/main.o
 .debug_macro   0x00000000       0xa0 ./src/main.o
 .debug_macro   0x00000000       0x16 ./src/main.o
 .debug_macro   0x00000000       0x19 ./src/main.o
 .debug_macro   0x00000000       0x64 ./src/main.o
 .debug_macro   0x00000000      0x185 ./src/main.o
 .debug_macro   0x00000000      0x140 ./src/main.o
 .debug_macro   0x00000000       0x9d ./src/main.o
 .debug_macro   0x00000000       0x10 ./src/main.o
 .debug_macro   0x00000000      0x15b ./src/main.o
 .debug_macro   0x00000000       0x28 ./src/main.o
 .debug_macro   0x00000000       0x58 ./src/main.o
 .debug_macro   0x00000000     0xdf8d ./src/main.o
 .group         0x00000000        0x8 ./src/initproyect.o
 .group         0x00000000        0x8 ./src/initproyect.o
 .group         0x00000000        0x8 ./src/initproyect.o
 .group         0x00000000        0x8 ./src/initproyect.o
 .group         0x00000000        0x8 ./src/initproyect.o
 .group         0x00000000        0x8 ./src/initproyect.o
 .group         0x00000000        0x8 ./src/initproyect.o
 .group         0x00000000        0x8 ./src/initproyect.o
 .group         0x00000000        0x8 ./src/initproyect.o
 .group         0x00000000        0x8 ./src/initproyect.o
 .group         0x00000000        0x8 ./src/initproyect.o
 .group         0x00000000        0x8 ./src/initproyect.o
 .group         0x00000000        0x8 ./src/initproyect.o
 .group         0x00000000        0x8 ./src/initproyect.o
 .group         0x00000000        0x8 ./src/initproyect.o
 .text          0x00000000        0x0 ./src/initproyect.o
 .data          0x00000000        0x0 ./src/initproyect.o
 .bss           0x00000000        0x0 ./src/initproyect.o
 .debug_macro   0x00000000      0x868 ./src/initproyect.o
 .debug_macro   0x00000000       0x52 ./src/initproyect.o
 .debug_macro   0x00000000       0xa0 ./src/initproyect.o
 .debug_macro   0x00000000       0x16 ./src/initproyect.o
 .debug_macro   0x00000000       0x19 ./src/initproyect.o
 .debug_macro   0x00000000       0x64 ./src/initproyect.o
 .debug_macro   0x00000000      0x185 ./src/initproyect.o
 .debug_macro   0x00000000      0x140 ./src/initproyect.o
 .debug_macro   0x00000000       0x9d ./src/initproyect.o
 .debug_macro   0x00000000       0x10 ./src/initproyect.o
 .debug_macro   0x00000000      0x15b ./src/initproyect.o
 .debug_macro   0x00000000       0x28 ./src/initproyect.o
 .debug_macro   0x00000000       0x58 ./src/initproyect.o
 .debug_macro   0x00000000     0xdf8d ./src/initproyect.o
 .debug_macro   0x00000000       0x88 ./src/initproyect.o
 .group         0x00000000        0x8 ./src/clocks_and_modes.o
 .group         0x00000000        0x8 ./src/clocks_and_modes.o
 .group         0x00000000        0x8 ./src/clocks_and_modes.o
 .group         0x00000000        0x8 ./src/clocks_and_modes.o
 .group         0x00000000        0x8 ./src/clocks_and_modes.o
 .group         0x00000000        0x8 ./src/clocks_and_modes.o
 .group         0x00000000        0x8 ./src/clocks_and_modes.o
 .group         0x00000000        0x8 ./src/clocks_and_modes.o
 .group         0x00000000        0x8 ./src/clocks_and_modes.o
 .group         0x00000000        0x8 ./src/clocks_and_modes.o
 .group         0x00000000        0x8 ./src/clocks_and_modes.o
 .group         0x00000000        0x8 ./src/clocks_and_modes.o
 .group         0x00000000        0x8 ./src/clocks_and_modes.o
 .group         0x00000000        0x8 ./src/clocks_and_modes.o
 .text          0x00000000        0x0 ./src/clocks_and_modes.o
 .data          0x00000000        0x0 ./src/clocks_and_modes.o
 .bss           0x00000000        0x0 ./src/clocks_and_modes.o
 .debug_macro   0x00000000      0x868 ./src/clocks_and_modes.o
 .debug_macro   0x00000000       0x52 ./src/clocks_and_modes.o
 .debug_macro   0x00000000       0xa0 ./src/clocks_and_modes.o
 .debug_macro   0x00000000       0x16 ./src/clocks_and_modes.o
 .debug_macro   0x00000000       0x19 ./src/clocks_and_modes.o
 .debug_macro   0x00000000       0x64 ./src/clocks_and_modes.o
 .debug_macro   0x00000000      0x185 ./src/clocks_and_modes.o
 .debug_macro   0x00000000      0x140 ./src/clocks_and_modes.o
 .debug_macro   0x00000000       0x9d ./src/clocks_and_modes.o
 .debug_macro   0x00000000       0x10 ./src/clocks_and_modes.o
 .debug_macro   0x00000000      0x15b ./src/clocks_and_modes.o
 .debug_macro   0x00000000       0x28 ./src/clocks_and_modes.o
 .debug_macro   0x00000000       0x58 ./src/clocks_and_modes.o
 .debug_macro   0x00000000     0xdf8d ./src/clocks_and_modes.o
 .group         0x00000000        0x8 ./src/Mode_Routine.o
 .group         0x00000000        0x8 ./src/Mode_Routine.o
 .group         0x00000000        0x8 ./src/Mode_Routine.o
 .group         0x00000000        0x8 ./src/Mode_Routine.o
 .group         0x00000000        0x8 ./src/Mode_Routine.o
 .group         0x00000000        0x8 ./src/Mode_Routine.o
 .group         0x00000000        0x8 ./src/Mode_Routine.o
 .group         0x00000000        0x8 ./src/Mode_Routine.o
 .group         0x00000000        0x8 ./src/Mode_Routine.o
 .group         0x00000000        0x8 ./src/Mode_Routine.o
 .group         0x00000000        0x8 ./src/Mode_Routine.o
 .group         0x00000000        0x8 ./src/Mode_Routine.o
 .group         0x00000000        0x8 ./src/Mode_Routine.o
 .group         0x00000000        0x8 ./src/Mode_Routine.o
 .group         0x00000000        0x8 ./src/Mode_Routine.o
 .text          0x00000000        0x0 ./src/Mode_Routine.o
 .data          0x00000000        0x0 ./src/Mode_Routine.o
 .bss           0x00000000        0x0 ./src/Mode_Routine.o
 .text.Down_Mode_Routine
                0x00000000       0xe8 ./src/Mode_Routine.o
 .text.Up_Mode_Routine
                0x00000000       0xf4 ./src/Mode_Routine.o
 .debug_info    0x00000000      0x147 ./src/Mode_Routine.o
 .debug_abbrev  0x00000000       0xbb ./src/Mode_Routine.o
 .debug_aranges
                0x00000000       0x28 ./src/Mode_Routine.o
 .debug_ranges  0x00000000       0x18 ./src/Mode_Routine.o
 .debug_macro   0x00000000       0xb3 ./src/Mode_Routine.o
 .debug_macro   0x00000000      0x868 ./src/Mode_Routine.o
 .debug_macro   0x00000000       0x52 ./src/Mode_Routine.o
 .debug_macro   0x00000000       0xa0 ./src/Mode_Routine.o
 .debug_macro   0x00000000       0x16 ./src/Mode_Routine.o
 .debug_macro   0x00000000       0x19 ./src/Mode_Routine.o
 .debug_macro   0x00000000       0x64 ./src/Mode_Routine.o
 .debug_macro   0x00000000      0x185 ./src/Mode_Routine.o
 .debug_macro   0x00000000      0x140 ./src/Mode_Routine.o
 .debug_macro   0x00000000       0x9d ./src/Mode_Routine.o
 .debug_macro   0x00000000       0x10 ./src/Mode_Routine.o
 .debug_macro   0x00000000      0x15b ./src/Mode_Routine.o
 .debug_macro   0x00000000       0x28 ./src/Mode_Routine.o
 .debug_macro   0x00000000       0x58 ./src/Mode_Routine.o
 .debug_macro   0x00000000     0xdf8d ./src/Mode_Routine.o
 .debug_macro   0x00000000       0x88 ./src/Mode_Routine.o
 .debug_line    0x00000000      0x20f ./src/Mode_Routine.o
 .debug_str     0x00000000    0x5dd9a ./src/Mode_Routine.o
 .comment       0x00000000       0x71 ./src/Mode_Routine.o
 .debug_frame   0x00000000       0x60 ./src/Mode_Routine.o
 .ARM.attributes
                0x00000000       0x33 ./src/Mode_Routine.o
 .group         0x00000000        0x8 ./src/LEDS_IDLE.o
 .group         0x00000000        0x8 ./src/LEDS_IDLE.o
 .group         0x00000000        0x8 ./src/LEDS_IDLE.o
 .group         0x00000000        0x8 ./src/LEDS_IDLE.o
 .group         0x00000000        0x8 ./src/LEDS_IDLE.o
 .group         0x00000000        0x8 ./src/LEDS_IDLE.o
 .group         0x00000000        0x8 ./src/LEDS_IDLE.o
 .group         0x00000000        0x8 ./src/LEDS_IDLE.o
 .group         0x00000000        0x8 ./src/LEDS_IDLE.o
 .group         0x00000000        0x8 ./src/LEDS_IDLE.o
 .group         0x00000000        0x8 ./src/LEDS_IDLE.o
 .group         0x00000000        0x8 ./src/LEDS_IDLE.o
 .group         0x00000000        0x8 ./src/LEDS_IDLE.o
 .group         0x00000000        0x8 ./src/LEDS_IDLE.o
 .group         0x00000000        0x8 ./src/LEDS_IDLE.o
 .text          0x00000000        0x0 ./src/LEDS_IDLE.o
 .data          0x00000000        0x0 ./src/LEDS_IDLE.o
 .bss           0x00000000        0x0 ./src/LEDS_IDLE.o
 .text.LEDS_IDLE
                0x00000000       0xd0 ./src/LEDS_IDLE.o
 .debug_info    0x00000000      0x10e ./src/LEDS_IDLE.o
 .debug_abbrev  0x00000000       0x89 ./src/LEDS_IDLE.o
 .debug_aranges
                0x00000000       0x20 ./src/LEDS_IDLE.o
 .debug_ranges  0x00000000       0x10 ./src/LEDS_IDLE.o
 .debug_macro   0x00000000       0xb3 ./src/LEDS_IDLE.o
 .debug_macro   0x00000000      0x868 ./src/LEDS_IDLE.o
 .debug_macro   0x00000000       0x52 ./src/LEDS_IDLE.o
 .debug_macro   0x00000000       0xa0 ./src/LEDS_IDLE.o
 .debug_macro   0x00000000       0x16 ./src/LEDS_IDLE.o
 .debug_macro   0x00000000       0x19 ./src/LEDS_IDLE.o
 .debug_macro   0x00000000       0x64 ./src/LEDS_IDLE.o
 .debug_macro   0x00000000      0x185 ./src/LEDS_IDLE.o
 .debug_macro   0x00000000      0x140 ./src/LEDS_IDLE.o
 .debug_macro   0x00000000       0x9d ./src/LEDS_IDLE.o
 .debug_macro   0x00000000       0x10 ./src/LEDS_IDLE.o
 .debug_macro   0x00000000      0x15b ./src/LEDS_IDLE.o
 .debug_macro   0x00000000       0x28 ./src/LEDS_IDLE.o
 .debug_macro   0x00000000       0x58 ./src/LEDS_IDLE.o
 .debug_macro   0x00000000     0xdf8d ./src/LEDS_IDLE.o
 .debug_macro   0x00000000       0x88 ./src/LEDS_IDLE.o
 .debug_line    0x00000000      0x1d4 ./src/LEDS_IDLE.o
 .debug_str     0x00000000    0x5dd72 ./src/LEDS_IDLE.o
 .comment       0x00000000       0x71 ./src/LEDS_IDLE.o
 .debug_frame   0x00000000       0x30 ./src/LEDS_IDLE.o
 .ARM.attributes
                0x00000000       0x33 ./src/LEDS_IDLE.o
 .group         0x00000000        0x8 ./Project_Settings/Startup_Code/system_S32K144.o
 .group         0x00000000        0x8 ./Project_Settings/Startup_Code/system_S32K144.o
 .group         0x00000000        0x8 ./Project_Settings/Startup_Code/system_S32K144.o
 .group         0x00000000        0x8 ./Project_Settings/Startup_Code/system_S32K144.o
 .group         0x00000000        0x8 ./Project_Settings/Startup_Code/system_S32K144.o
 .group         0x00000000        0x8 ./Project_Settings/Startup_Code/system_S32K144.o
 .group         0x00000000        0x8 ./Project_Settings/Startup_Code/system_S32K144.o
 .group         0x00000000        0x8 ./Project_Settings/Startup_Code/system_S32K144.o
 .group         0x00000000        0x8 ./Project_Settings/Startup_Code/system_S32K144.o
 .group         0x00000000        0x8 ./Project_Settings/Startup_Code/system_S32K144.o
 .group         0x00000000        0x8 ./Project_Settings/Startup_Code/system_S32K144.o
 .group         0x00000000        0x8 ./Project_Settings/Startup_Code/system_S32K144.o
 .group         0x00000000        0x8 ./Project_Settings/Startup_Code/system_S32K144.o
 .group         0x00000000        0x8 ./Project_Settings/Startup_Code/system_S32K144.o
 .group         0x00000000        0x8 ./Project_Settings/Startup_Code/system_S32K144.o
 .group         0x00000000        0x8 ./Project_Settings/Startup_Code/system_S32K144.o
 .group         0x00000000        0x8 ./Project_Settings/Startup_Code/system_S32K144.o
 .group         0x00000000        0x8 ./Project_Settings/Startup_Code/system_S32K144.o
 .group         0x00000000        0x8 ./Project_Settings/Startup_Code/system_S32K144.o
 .text          0x00000000        0x0 ./Project_Settings/Startup_Code/system_S32K144.o
 .data          0x00000000        0x0 ./Project_Settings/Startup_Code/system_S32K144.o
 .bss           0x00000000        0x0 ./Project_Settings/Startup_Code/system_S32K144.o
 .data.SystemCoreClock
                0x00000000        0x4 ./Project_Settings/Startup_Code/system_S32K144.o
 .text.SystemCoreClockUpdate
                0x00000000       0xf4 ./Project_Settings/Startup_Code/system_S32K144.o
 .text.SystemSoftwareReset
                0x00000000       0x40 ./Project_Settings/Startup_Code/system_S32K144.o
 .rodata.fircFreq.5043
                0x00000000       0x10 ./Project_Settings/Startup_Code/system_S32K144.o
 .debug_macro   0x00000000      0x868 ./Project_Settings/Startup_Code/system_S32K144.o
 .debug_macro   0x00000000       0x52 ./Project_Settings/Startup_Code/system_S32K144.o
 .debug_macro   0x00000000       0xa0 ./Project_Settings/Startup_Code/system_S32K144.o
 .debug_macro   0x00000000       0x16 ./Project_Settings/Startup_Code/system_S32K144.o
 .debug_macro   0x00000000       0x19 ./Project_Settings/Startup_Code/system_S32K144.o
 .debug_macro   0x00000000       0x64 ./Project_Settings/Startup_Code/system_S32K144.o
 .debug_macro   0x00000000      0x185 ./Project_Settings/Startup_Code/system_S32K144.o
 .debug_macro   0x00000000      0x140 ./Project_Settings/Startup_Code/system_S32K144.o
 .debug_macro   0x00000000       0x9d ./Project_Settings/Startup_Code/system_S32K144.o
 .debug_macro   0x00000000       0x10 ./Project_Settings/Startup_Code/system_S32K144.o
 .debug_macro   0x00000000      0x15b ./Project_Settings/Startup_Code/system_S32K144.o
 .debug_macro   0x00000000       0x28 ./Project_Settings/Startup_Code/system_S32K144.o
 .debug_macro   0x00000000       0x58 ./Project_Settings/Startup_Code/system_S32K144.o
 .debug_macro   0x00000000     0xdf8d ./Project_Settings/Startup_Code/system_S32K144.o
 .data          0x00000000        0x0 ./Project_Settings/Startup_Code/startup_S32K144.o
 .bss           0x00000000        0x0 ./Project_Settings/Startup_Code/startup_S32K144.o
 .group         0x00000000        0x8 ./Project_Settings/Startup_Code/startup.o
 .group         0x00000000        0x8 ./Project_Settings/Startup_Code/startup.o
 .group         0x00000000        0x8 ./Project_Settings/Startup_Code/startup.o
 .group         0x00000000        0x8 ./Project_Settings/Startup_Code/startup.o
 .group         0x00000000        0x8 ./Project_Settings/Startup_Code/startup.o
 .group         0x00000000        0x8 ./Project_Settings/Startup_Code/startup.o
 .group         0x00000000        0x8 ./Project_Settings/Startup_Code/startup.o
 .group         0x00000000        0x8 ./Project_Settings/Startup_Code/startup.o
 .group         0x00000000        0x8 ./Project_Settings/Startup_Code/startup.o
 .group         0x00000000        0x8 ./Project_Settings/Startup_Code/startup.o
 .group         0x00000000        0x8 ./Project_Settings/Startup_Code/startup.o
 .group         0x00000000        0x8 ./Project_Settings/Startup_Code/startup.o
 .group         0x00000000        0x8 ./Project_Settings/Startup_Code/startup.o
 .group         0x00000000        0x8 ./Project_Settings/Startup_Code/startup.o
 .group         0x00000000        0x8 ./Project_Settings/Startup_Code/startup.o
 .group         0x00000000        0x8 ./Project_Settings/Startup_Code/startup.o
 .group         0x00000000        0x8 ./Project_Settings/Startup_Code/startup.o
 .group         0x00000000        0x8 ./Project_Settings/Startup_Code/startup.o
 .text          0x00000000        0x0 ./Project_Settings/Startup_Code/startup.o
 .data          0x00000000        0x0 ./Project_Settings/Startup_Code/startup.o
 .bss           0x00000000        0x0 ./Project_Settings/Startup_Code/startup.o
 .debug_macro   0x00000000      0x868 ./Project_Settings/Startup_Code/startup.o
 .debug_macro   0x00000000       0x52 ./Project_Settings/Startup_Code/startup.o
 .debug_macro   0x00000000       0xa0 ./Project_Settings/Startup_Code/startup.o
 .debug_macro   0x00000000       0x16 ./Project_Settings/Startup_Code/startup.o
 .debug_macro   0x00000000       0x10 ./Project_Settings/Startup_Code/startup.o
 .debug_macro   0x00000000       0x6d ./Project_Settings/Startup_Code/startup.o
 .debug_macro   0x00000000       0x19 ./Project_Settings/Startup_Code/startup.o
 .debug_macro   0x00000000       0x64 ./Project_Settings/Startup_Code/startup.o
 .debug_macro   0x00000000      0x185 ./Project_Settings/Startup_Code/startup.o
 .debug_macro   0x00000000      0x140 ./Project_Settings/Startup_Code/startup.o
 .debug_macro   0x00000000       0x9d ./Project_Settings/Startup_Code/startup.o
 .debug_macro   0x00000000       0x10 ./Project_Settings/Startup_Code/startup.o
 .debug_macro   0x00000000      0x15b ./Project_Settings/Startup_Code/startup.o
 .debug_macro   0x00000000       0x28 ./Project_Settings/Startup_Code/startup.o
 .debug_macro   0x00000000       0x58 ./Project_Settings/Startup_Code/startup.o
 .debug_macro   0x00000000     0xdf8d ./Project_Settings/Startup_Code/startup.o
 .debug_macro   0x00000000      0x978 ./Project_Settings/Startup_Code/startup.o
 .debug_macro   0x00000000       0x22 ./Project_Settings/Startup_Code/startup.o
 .text          0x00000000        0x0 C:/NXP/S32DS_ARM_v2.0/S32DS/arm_ewl2/lib/armv7e-m\libc99.a(exit.o)
 .data          0x00000000        0x0 C:/NXP/S32DS_ARM_v2.0/S32DS/arm_ewl2/lib/armv7e-m\libc99.a(exit.o)
 .bss           0x00000000        0x0 C:/NXP/S32DS_ARM_v2.0/S32DS/arm_ewl2/lib/armv7e-m\libc99.a(exit.o)
 .text.exit     0x00000000       0x38 C:/NXP/S32DS_ARM_v2.0/S32DS/arm_ewl2/lib/armv7e-m\libc99.a(exit.o)
 .text._Exit    0x00000000        0x4 C:/NXP/S32DS_ARM_v2.0/S32DS/arm_ewl2/lib/armv7e-m\libc99.a(exit.o)
 .bss.__stdio_exit
                0x00000000        0x4 C:/NXP/S32DS_ARM_v2.0/S32DS/arm_ewl2/lib/armv7e-m\libc99.a(exit.o)
 .bss.__console_exit
                0x00000000        0x4 C:/NXP/S32DS_ARM_v2.0/S32DS/arm_ewl2/lib/armv7e-m\libc99.a(exit.o)
 .debug_info    0x00000000      0x111 C:/NXP/S32DS_ARM_v2.0/S32DS/arm_ewl2/lib/armv7e-m\libc99.a(exit.o)
 .debug_abbrev  0x00000000       0x91 C:/NXP/S32DS_ARM_v2.0/S32DS/arm_ewl2/lib/armv7e-m\libc99.a(exit.o)
 .debug_loc     0x00000000       0x5d C:/NXP/S32DS_ARM_v2.0/S32DS/arm_ewl2/lib/armv7e-m\libc99.a(exit.o)
 .debug_aranges
                0x00000000       0x28 C:/NXP/S32DS_ARM_v2.0/S32DS/arm_ewl2/lib/armv7e-m\libc99.a(exit.o)
 .debug_line    0x00000000       0xa4 C:/NXP/S32DS_ARM_v2.0/S32DS/arm_ewl2/lib/armv7e-m\libc99.a(exit.o)
 .debug_str     0x00000000      0x23c C:/NXP/S32DS_ARM_v2.0/S32DS/arm_ewl2/lib/armv7e-m\libc99.a(exit.o)
 .comment       0x00000000       0x71 C:/NXP/S32DS_ARM_v2.0/S32DS/arm_ewl2/lib/armv7e-m\libc99.a(exit.o)
 .debug_frame   0x00000000       0x3c C:/NXP/S32DS_ARM_v2.0/S32DS/arm_ewl2/lib/armv7e-m\libc99.a(exit.o)
 .ARM.attributes
                0x00000000       0x33 C:/NXP/S32DS_ARM_v2.0/S32DS/arm_ewl2/lib/armv7e-m\libc99.a(exit.o)
 .text          0x00000000        0x0 C:/NXP/S32DS_ARM_v2.0/S32DS/arm_ewl2/lib/armv7e-m\libc99.a(memset.o)
 .data          0x00000000        0x0 C:/NXP/S32DS_ARM_v2.0/S32DS/arm_ewl2/lib/armv7e-m\libc99.a(memset.o)
 .bss           0x00000000        0x0 C:/NXP/S32DS_ARM_v2.0/S32DS/arm_ewl2/lib/armv7e-m\libc99.a(memset.o)
 .text.memset   0x00000000        0xc C:/NXP/S32DS_ARM_v2.0/S32DS/arm_ewl2/lib/armv7e-m\libc99.a(memset.o)
 .debug_info    0x00000000       0xec C:/NXP/S32DS_ARM_v2.0/S32DS/arm_ewl2/lib/armv7e-m\libc99.a(memset.o)
 .debug_abbrev  0x00000000       0x62 C:/NXP/S32DS_ARM_v2.0/S32DS/arm_ewl2/lib/armv7e-m\libc99.a(memset.o)
 .debug_loc     0x00000000       0x64 C:/NXP/S32DS_ARM_v2.0/S32DS/arm_ewl2/lib/armv7e-m\libc99.a(memset.o)
 .debug_aranges
                0x00000000       0x20 C:/NXP/S32DS_ARM_v2.0/S32DS/arm_ewl2/lib/armv7e-m\libc99.a(memset.o)
 .debug_line    0x00000000       0x8f C:/NXP/S32DS_ARM_v2.0/S32DS/arm_ewl2/lib/armv7e-m\libc99.a(memset.o)
 .debug_str     0x00000000      0x21f C:/NXP/S32DS_ARM_v2.0/S32DS/arm_ewl2/lib/armv7e-m\libc99.a(memset.o)
 .comment       0x00000000       0x71 C:/NXP/S32DS_ARM_v2.0/S32DS/arm_ewl2/lib/armv7e-m\libc99.a(memset.o)
 .debug_frame   0x00000000       0x28 C:/NXP/S32DS_ARM_v2.0/S32DS/arm_ewl2/lib/armv7e-m\libc99.a(memset.o)
 .ARM.attributes
                0x00000000       0x33 C:/NXP/S32DS_ARM_v2.0/S32DS/arm_ewl2/lib/armv7e-m\libc99.a(memset.o)
 .text          0x00000000        0x0 C:/NXP/S32DS_ARM_v2.0/S32DS/arm_ewl2/lib/armv7e-m\libc99.a(__filll_mem.o)
 .data          0x00000000        0x0 C:/NXP/S32DS_ARM_v2.0/S32DS/arm_ewl2/lib/armv7e-m\libc99.a(__filll_mem.o)
 .bss           0x00000000        0x0 C:/NXP/S32DS_ARM_v2.0/S32DS/arm_ewl2/lib/armv7e-m\libc99.a(__filll_mem.o)
 .text.__fill_mem
                0x00000000       0x7a C:/NXP/S32DS_ARM_v2.0/S32DS/arm_ewl2/lib/armv7e-m\libc99.a(__filll_mem.o)
 .debug_info    0x00000000      0x137 C:/NXP/S32DS_ARM_v2.0/S32DS/arm_ewl2/lib/armv7e-m\libc99.a(__filll_mem.o)
 .debug_abbrev  0x00000000       0x78 C:/NXP/S32DS_ARM_v2.0/S32DS/arm_ewl2/lib/armv7e-m\libc99.a(__filll_mem.o)
 .debug_loc     0x00000000      0x16b C:/NXP/S32DS_ARM_v2.0/S32DS/arm_ewl2/lib/armv7e-m\libc99.a(__filll_mem.o)
 .debug_aranges
                0x00000000       0x20 C:/NXP/S32DS_ARM_v2.0/S32DS/arm_ewl2/lib/armv7e-m\libc99.a(__filll_mem.o)
 .debug_line    0x00000000       0xb2 C:/NXP/S32DS_ARM_v2.0/S32DS/arm_ewl2/lib/armv7e-m\libc99.a(__filll_mem.o)
 .debug_str     0x00000000      0x231 C:/NXP/S32DS_ARM_v2.0/S32DS/arm_ewl2/lib/armv7e-m\libc99.a(__filll_mem.o)
 .comment       0x00000000       0x71 C:/NXP/S32DS_ARM_v2.0/S32DS/arm_ewl2/lib/armv7e-m\libc99.a(__filll_mem.o)
 .debug_frame   0x00000000       0x28 C:/NXP/S32DS_ARM_v2.0/S32DS/arm_ewl2/lib/armv7e-m\libc99.a(__filll_mem.o)
 .ARM.attributes
                0x00000000       0x33 C:/NXP/S32DS_ARM_v2.0/S32DS/arm_ewl2/lib/armv7e-m\libc99.a(__filll_mem.o)
 .text          0x00000000        0x0 C:/NXP/S32DS_ARM_v2.0/S32DS/arm_ewl2/lib/armv7e-m\librt.a(gcc_ctor_dtor.o)
 .data          0x00000000        0x0 C:/NXP/S32DS_ARM_v2.0/S32DS/arm_ewl2/lib/armv7e-m\librt.a(gcc_ctor_dtor.o)
 .bss           0x00000000        0x0 C:/NXP/S32DS_ARM_v2.0/S32DS/arm_ewl2/lib/armv7e-m\librt.a(gcc_ctor_dtor.o)
 .text.__init_cpp
                0x00000000       0x4c C:/NXP/S32DS_ARM_v2.0/S32DS/arm_ewl2/lib/armv7e-m\librt.a(gcc_ctor_dtor.o)
 .text.__fini_cpp
                0x00000000       0x34 C:/NXP/S32DS_ARM_v2.0/S32DS/arm_ewl2/lib/armv7e-m\librt.a(gcc_ctor_dtor.o)
 .text._ExitProcess
                0x00000000        0x2 C:/NXP/S32DS_ARM_v2.0/S32DS/arm_ewl2/lib/armv7e-m\librt.a(gcc_ctor_dtor.o)
 .bss.__dso_handle
                0x00000000        0x4 C:/NXP/S32DS_ARM_v2.0/S32DS/arm_ewl2/lib/armv7e-m\librt.a(gcc_ctor_dtor.o)
 .debug_info    0x00000000      0x14a C:/NXP/S32DS_ARM_v2.0/S32DS/arm_ewl2/lib/armv7e-m\librt.a(gcc_ctor_dtor.o)
 .debug_abbrev  0x00000000       0xae C:/NXP/S32DS_ARM_v2.0/S32DS/arm_ewl2/lib/armv7e-m\librt.a(gcc_ctor_dtor.o)
 .debug_loc     0x00000000       0x9d C:/NXP/S32DS_ARM_v2.0/S32DS/arm_ewl2/lib/armv7e-m\librt.a(gcc_ctor_dtor.o)
 .debug_aranges
                0x00000000       0x30 C:/NXP/S32DS_ARM_v2.0/S32DS/arm_ewl2/lib/armv7e-m\librt.a(gcc_ctor_dtor.o)
 .debug_line    0x00000000       0x74 C:/NXP/S32DS_ARM_v2.0/S32DS/arm_ewl2/lib/armv7e-m\librt.a(gcc_ctor_dtor.o)
 .debug_str     0x00000000      0x28e C:/NXP/S32DS_ARM_v2.0/S32DS/arm_ewl2/lib/armv7e-m\librt.a(gcc_ctor_dtor.o)
 .comment       0x00000000       0x71 C:/NXP/S32DS_ARM_v2.0/S32DS/arm_ewl2/lib/armv7e-m\librt.a(gcc_ctor_dtor.o)
 .debug_frame   0x00000000       0x50 C:/NXP/S32DS_ARM_v2.0/S32DS/arm_ewl2/lib/armv7e-m\librt.a(gcc_ctor_dtor.o)
 .ARM.attributes
                0x00000000       0x33 C:/NXP/S32DS_ARM_v2.0/S32DS/arm_ewl2/lib/armv7e-m\librt.a(gcc_ctor_dtor.o)
 .text          0x00000000        0x0 C:/NXP/S32DS_ARM_v2.0/S32DS/arm_ewl2/lib/armv7e-m\librt.a(__arm_eabi_init.o)
 .data          0x00000000        0x0 C:/NXP/S32DS_ARM_v2.0/S32DS/arm_ewl2/lib/armv7e-m\librt.a(__arm_eabi_init.o)
 .bss           0x00000000        0x0 C:/NXP/S32DS_ARM_v2.0/S32DS/arm_ewl2/lib/armv7e-m\librt.a(__arm_eabi_init.o)
 .text.__destroy_global_chain
                0x00000000       0x18 C:/NXP/S32DS_ARM_v2.0/S32DS/arm_ewl2/lib/armv7e-m\librt.a(__arm_eabi_init.o)
 .text.__register_global_object
                0x00000000       0x14 C:/NXP/S32DS_ARM_v2.0/S32DS/arm_ewl2/lib/armv7e-m\librt.a(__arm_eabi_init.o)
 .text.__cxa_atexit
                0x00000000       0x38 C:/NXP/S32DS_ARM_v2.0/S32DS/arm_ewl2/lib/armv7e-m\librt.a(__arm_eabi_init.o)
 .text.__aeabi_atexit
                0x00000000        0xa C:/NXP/S32DS_ARM_v2.0/S32DS/arm_ewl2/lib/armv7e-m\librt.a(__arm_eabi_init.o)
 .text.__register_atexit
                0x00000000        0x8 C:/NXP/S32DS_ARM_v2.0/S32DS/arm_ewl2/lib/armv7e-m\librt.a(__arm_eabi_init.o)
 .text.__init_registers
                0x00000000       0x20 C:/NXP/S32DS_ARM_v2.0/S32DS/arm_ewl2/lib/armv7e-m\librt.a(__arm_eabi_init.o)
 .text.__init_hardware
                0x00000000        0x4 C:/NXP/S32DS_ARM_v2.0/S32DS/arm_ewl2/lib/armv7e-m\librt.a(__arm_eabi_init.o)
 .text.__init_user
                0x00000000        0x4 C:/NXP/S32DS_ARM_v2.0/S32DS/arm_ewl2/lib/armv7e-m\librt.a(__arm_eabi_init.o)
 .bss.atexit_curr_func
                0x00000000        0x4 C:/NXP/S32DS_ARM_v2.0/S32DS/arm_ewl2/lib/armv7e-m\librt.a(__arm_eabi_init.o)
 .bss.atexit_funcs
                0x00000000      0x300 C:/NXP/S32DS_ARM_v2.0/S32DS/arm_ewl2/lib/armv7e-m\librt.a(__arm_eabi_init.o)
 .bss.__global_destructor_chain
                0x00000000        0x4 C:/NXP/S32DS_ARM_v2.0/S32DS/arm_ewl2/lib/armv7e-m\librt.a(__arm_eabi_init.o)
 .debug_info    0x00000000      0x2b3 C:/NXP/S32DS_ARM_v2.0/S32DS/arm_ewl2/lib/armv7e-m\librt.a(__arm_eabi_init.o)
 .debug_abbrev  0x00000000      0x1d3 C:/NXP/S32DS_ARM_v2.0/S32DS/arm_ewl2/lib/armv7e-m\librt.a(__arm_eabi_init.o)
 .debug_loc     0x00000000      0x144 C:/NXP/S32DS_ARM_v2.0/S32DS/arm_ewl2/lib/armv7e-m\librt.a(__arm_eabi_init.o)
 .debug_aranges
                0x00000000       0x58 C:/NXP/S32DS_ARM_v2.0/S32DS/arm_ewl2/lib/armv7e-m\librt.a(__arm_eabi_init.o)
 .debug_line    0x00000000      0x107 C:/NXP/S32DS_ARM_v2.0/S32DS/arm_ewl2/lib/armv7e-m\librt.a(__arm_eabi_init.o)
 .debug_str     0x00000000      0x2b5 C:/NXP/S32DS_ARM_v2.0/S32DS/arm_ewl2/lib/armv7e-m\librt.a(__arm_eabi_init.o)
 .comment       0x00000000       0x71 C:/NXP/S32DS_ARM_v2.0/S32DS/arm_ewl2/lib/armv7e-m\librt.a(__arm_eabi_init.o)
 .debug_frame   0x00000000       0xac C:/NXP/S32DS_ARM_v2.0/S32DS/arm_ewl2/lib/armv7e-m\librt.a(__arm_eabi_init.o)
 .ARM.attributes
                0x00000000       0x33 C:/NXP/S32DS_ARM_v2.0/S32DS/arm_ewl2/lib/armv7e-m\librt.a(__arm_eabi_init.o)
 .text          0x00000000        0x0 C:/NXP/S32DS_ARM_v2.0/S32DS/arm_ewl2/lib/armv7e-m\librt.a(ROMCopy.o)
 .data          0x00000000        0x0 C:/NXP/S32DS_ARM_v2.0/S32DS/arm_ewl2/lib/armv7e-m\librt.a(ROMCopy.o)
 .bss           0x00000000        0x0 C:/NXP/S32DS_ARM_v2.0/S32DS/arm_ewl2/lib/armv7e-m\librt.a(ROMCopy.o)
 .text.__flush_cache
                0x00000000        0x2 C:/NXP/S32DS_ARM_v2.0/S32DS/arm_ewl2/lib/armv7e-m\librt.a(ROMCopy.o)
 .text.__copy_rom_section
                0x00000000       0x42 C:/NXP/S32DS_ARM_v2.0/S32DS/arm_ewl2/lib/armv7e-m\librt.a(ROMCopy.o)
 .text.__copy_rom_sections_to_ram
                0x00000000       0x28 C:/NXP/S32DS_ARM_v2.0/S32DS/arm_ewl2/lib/armv7e-m\librt.a(ROMCopy.o)
 .debug_info    0x00000000      0x20e C:/NXP/S32DS_ARM_v2.0/S32DS/arm_ewl2/lib/armv7e-m\librt.a(ROMCopy.o)
 .debug_abbrev  0x00000000      0x11f C:/NXP/S32DS_ARM_v2.0/S32DS/arm_ewl2/lib/armv7e-m\librt.a(ROMCopy.o)
 .debug_loc     0x00000000       0xb3 C:/NXP/S32DS_ARM_v2.0/S32DS/arm_ewl2/lib/armv7e-m\librt.a(ROMCopy.o)
 .debug_aranges
                0x00000000       0x30 C:/NXP/S32DS_ARM_v2.0/S32DS/arm_ewl2/lib/armv7e-m\librt.a(ROMCopy.o)
 .debug_line    0x00000000       0x9e C:/NXP/S32DS_ARM_v2.0/S32DS/arm_ewl2/lib/armv7e-m\librt.a(ROMCopy.o)
 .debug_str     0x00000000      0x233 C:/NXP/S32DS_ARM_v2.0/S32DS/arm_ewl2/lib/armv7e-m\librt.a(ROMCopy.o)
 .comment       0x00000000       0x71 C:/NXP/S32DS_ARM_v2.0/S32DS/arm_ewl2/lib/armv7e-m\librt.a(ROMCopy.o)
 .debug_frame   0x00000000       0x48 C:/NXP/S32DS_ARM_v2.0/S32DS/arm_ewl2/lib/armv7e-m\librt.a(ROMCopy.o)
 .ARM.attributes
                0x00000000       0x33 C:/NXP/S32DS_ARM_v2.0/S32DS/arm_ewl2/lib/armv7e-m\librt.a(ROMCopy.o)
 .text          0x00000000        0x0 C:/NXP/S32DS_ARM_v2.0/S32DS/arm_ewl2/lib/armv7e-m/__arm_end.o
 .data          0x00000000        0x0 C:/NXP/S32DS_ARM_v2.0/S32DS/arm_ewl2/lib/armv7e-m/__arm_end.o
 .bss           0x00000000        0x0 C:/NXP/S32DS_ARM_v2.0/S32DS/arm_ewl2/lib/armv7e-m/__arm_end.o
 .text._ExitProcess
                0x00000000        0x2 C:/NXP/S32DS_ARM_v2.0/S32DS/arm_ewl2/lib/armv7e-m/__arm_end.o
 .debug_info    0x00000000       0x4e C:/NXP/S32DS_ARM_v2.0/S32DS/arm_ewl2/lib/armv7e-m/__arm_end.o
 .debug_abbrev  0x00000000       0x4a C:/NXP/S32DS_ARM_v2.0/S32DS/arm_ewl2/lib/armv7e-m/__arm_end.o
 .debug_aranges
                0x00000000       0x20 C:/NXP/S32DS_ARM_v2.0/S32DS/arm_ewl2/lib/armv7e-m/__arm_end.o
 .debug_line    0x00000000       0x45 C:/NXP/S32DS_ARM_v2.0/S32DS/arm_ewl2/lib/armv7e-m/__arm_end.o
 .debug_str     0x00000000      0x1a7 C:/NXP/S32DS_ARM_v2.0/S32DS/arm_ewl2/lib/armv7e-m/__arm_end.o
 .comment       0x00000000       0x71 C:/NXP/S32DS_ARM_v2.0/S32DS/arm_ewl2/lib/armv7e-m/__arm_end.o
 .debug_frame   0x00000000       0x20 C:/NXP/S32DS_ARM_v2.0/S32DS/arm_ewl2/lib/armv7e-m/__arm_end.o
 .ARM.attributes
                0x00000000       0x33 C:/NXP/S32DS_ARM_v2.0/S32DS/arm_ewl2/lib/armv7e-m/__arm_end.o

Memory Configuration

Name             Origin             Length             Attributes
m_interrupts     0x00000000         0x00000400         xr
m_flash_config   0x00000400         0x00000010         xr
m_text           0x00000410         0x0007fbf0         xr
m_data           0x1fff8000         0x00008000         rw
m_data_2         0x20000000         0x00007000         rw
*default*        0x00000000         0xffffffff

Linker script and memory map

LOAD C:/NXP/S32DS_ARM_v2.0/S32DS/arm_ewl2/lib/armv7e-m/__arm_start.o
LOAD ./src/time400ms.o
LOAD ./src/time100ms.o
LOAD ./src/main.o
LOAD ./src/initproyect.o
LOAD ./src/clocks_and_modes.o
LOAD ./src/Mode_Routine.o
LOAD ./src/LEDS_IDLE.o
LOAD ./Project_Settings/Startup_Code/system_S32K144.o
LOAD ./Project_Settings/Startup_Code/startup_S32K144.o
LOAD ./Project_Settings/Startup_Code/startup.o
START GROUP
LOAD C:/NXP/S32DS_ARM_v2.0/S32DS/arm_ewl2/lib/armv7e-m\libc99.a
LOAD C:/NXP/S32DS_ARM_v2.0/S32DS/arm_ewl2/lib/armv7e-m\libm.a
LOAD c:/nxp/s32ds_arm_v2.0/cross_tools/gcc-arm-none-eabi-4_9/bin/../lib/gcc/arm-none-eabi/4.9.3/armv7e-m\libgcc.a
LOAD C:/NXP/S32DS_ARM_v2.0/S32DS/arm_ewl2/lib/armv7e-m\librt.a
END GROUP
LOAD C:/NXP/S32DS_ARM_v2.0/S32DS/arm_ewl2/lib/armv7e-m/__arm_end.o
                0x00000400                HEAP_SIZE = DEFINED (__heap_size__)?__heap_size__:0x400
                0x00000400                STACK_SIZE = DEFINED (__stack_size__)?__stack_size__:0x400
                0x00000400                M_VECTOR_RAM_SIZE = DEFINED (__flash_vector_table__)?0x0:0x400

.interrupts     0x00000000      0x400
                0x00000000                __VECTOR_TABLE = .
                0x00000000                . = ALIGN (0x4)
 *(.isr_vector)
 .isr_vector    0x00000000      0x400 ./Project_Settings/Startup_Code/startup_S32K144.o
                0x00000000                __isr_vector
                0x00000400                . = ALIGN (0x4)

.flash_config   0x00000400       0x10
                0x00000400                . = ALIGN (0x4)
 *(.FlashConfig)
 .FlashConfig   0x00000400       0x10 ./Project_Settings/Startup_Code/startup_S32K144.o
                0x00000410                . = ALIGN (0x4)

.text           0x00000410      0x790
                0x00000410                . = ALIGN (0x4)
 *(.text)
 .text          0x00000410       0x44 ./Project_Settings/Startup_Code/startup_S32K144.o
                0x00000410                Reset_Handler
                0x00000450                DebugMon_Handler
                0x00000450                Reserved88_IRQHandler
                0x00000450                CAN0_ORed_IRQHandler
                0x00000450                HardFault_Handler
                0x00000450                Reserved86_IRQHandler
                0x00000450                Reserved103_IRQHandler
                0x00000450                SysTick_Handler
                0x00000450                FTM2_Ovf_Reload_IRQHandler
                0x00000450                Reserved50_IRQHandler
                0x00000450                FTFC_Fault_IRQHandler
                0x00000450                FTM0_Ch6_Ch7_IRQHandler
                0x00000450                Reserved114_IRQHandler
                0x00000450                PendSV_Handler
                0x00000450                NMI_Handler
                0x00000450                Reserved89_IRQHandler
                0x00000450                ERM_double_fault_IRQHandler
                0x00000450                DMA2_IRQHandler
                0x00000450                Reserved59_IRQHandler
                0x00000450                Reserved99_IRQHandler
                0x00000450                FTM3_Ch6_Ch7_IRQHandler
                0x00000450                CAN2_ORed_0_15_MB_IRQHandler
                0x00000450                LPIT0_Ch3_IRQHandler
                0x00000450                Reserved92_IRQHandler
                0x00000450                FTM0_Ch4_Ch5_IRQHandler
                0x00000450                CAN1_Error_IRQHandler
                0x00000450                FTM3_Ch0_Ch1_IRQHandler
                0x00000450                SWI_IRQHandler
                0x00000450                ADC0_IRQHandler
                0x00000450                FTM2_Ch4_Ch5_IRQHandler
                0x00000450                UsageFault_Handler
                0x00000450                FTM0_Ovf_Reload_IRQHandler
                0x00000450                DefaultISR
                0x00000450                DMA9_IRQHandler
                0x00000450                Reserved58_IRQHandler
                0x00000450                CAN1_ORed_0_15_MB_IRQHandler
                0x00000450                FTM1_Ch2_Ch3_IRQHandler
                0x00000450                DMA14_IRQHandler
                0x00000450                Reserved82_IRQHandler
                0x00000450                CAN0_ORed_16_31_MB_IRQHandler
                0x00000450                LPI2C0_Slave_IRQHandler
                0x00000450                Reserved71_IRQHandler
                0x00000450                PORTD_IRQHandler
                0x00000450                Reserved69_IRQHandler
                0x00000450                PORTB_IRQHandler
                0x00000450                Reserved70_IRQHandler
                0x00000450                ADC1_IRQHandler
                0x00000450                FTM2_Ch2_Ch3_IRQHandler
                0x00000450                Reserved53_IRQHandler
                0x00000450                DMA5_IRQHandler
                0x00000450                RTC_IRQHandler
                0x00000450                PDB0_IRQHandler
                0x00000450                Reserved54_IRQHandler
                0x00000450                FTM2_Ch6_Ch7_IRQHandler
                0x00000450                FTM3_Ch2_Ch3_IRQHandler
                0x00000450                FTM2_Ch0_Ch1_IRQHandler
                0x00000450                LPSPI1_IRQHandler
                0x00000450                LPUART1_RxTx_IRQHandler
                0x00000450                RTC_Seconds_IRQHandler
                0x00000450                CAN2_ORed_IRQHandler
                0x00000450                Reserved72_IRQHandler
                0x00000450                Reserved110_IRQHandler
                0x00000450                DMA11_IRQHandler
                0x00000450                Reserved107_IRQHandler
                0x00000450                Read_Collision_IRQHandler
                0x00000450                CAN2_Error_IRQHandler
                0x00000450                FTFC_IRQHandler
                0x00000450                DMA7_IRQHandler
                0x00000450                FTM1_Ch6_Ch7_IRQHandler
                0x00000450                Reserved105_IRQHandler
                0x00000450                LPIT0_Ch1_IRQHandler
                0x00000450                FTM1_Ch4_Ch5_IRQHandler
                0x00000450                FTM3_Ovf_Reload_IRQHandler
                0x00000450                LPUART2_RxTx_IRQHandler
                0x00000450                LPSPI0_IRQHandler
                0x00000450                WDOG_EWM_IRQHandler
                0x00000450                MemManage_Handler
                0x00000450                Reserved90_IRQHandler
                0x00000450                Reserved83_IRQHandler
                0x00000450                FTM0_Fault_IRQHandler
                0x00000450                Reserved48_IRQHandler
                0x00000450                SVC_Handler
                0x00000450                ERM_single_fault_IRQHandler
                0x00000450                FTM2_Fault_IRQHandler
                0x00000450                FTM0_Ch2_Ch3_IRQHandler
                0x00000450                DMA13_IRQHandler
                0x00000450                FTM0_Ch0_Ch1_IRQHandler
                0x00000450                FTM3_Fault_IRQHandler
                0x00000450                RCM_IRQHandler
                0x00000450                DMA3_IRQHandler
                0x00000450                Reserved100_IRQHandler
                0x00000450                DMA0_IRQHandler
                0x00000450                Reserved91_IRQHandler
                0x00000450                CAN1_ORed_IRQHandler
                0x00000450                DMA15_IRQHandler
                0x00000450                SCG_IRQHandler
                0x00000450                PDB1_IRQHandler
                0x00000450                Reserved81_IRQHandler
                0x00000450                Reserved46_IRQHandler
                0x00000450                Reserved45_IRQHandler
                0x00000450                CAN0_Error_IRQHandler
                0x00000450                Reserved112_IRQHandler
                0x00000450                LPI2C0_Master_IRQHandler
                0x00000450                DMA4_IRQHandler
                0x00000450                FTM1_Fault_IRQHandler
                0x00000450                Reserved106_IRQHandler
                0x00000450                DMA_Error_IRQHandler
                0x00000450                LVD_LVW_IRQHandler
                0x00000450                LPIT0_Ch2_IRQHandler
                0x00000450                PORTA_IRQHandler
                0x00000450                MCM_IRQHandler
                0x00000450                LPSPI2_IRQHandler
                0x00000450                DMA12_IRQHandler
                0x00000450                FTM3_Ch4_Ch5_IRQHandler
                0x00000450                CAN0_ORed_0_15_MB_IRQHandler
                0x00000450                PORTE_IRQHandler
                0x00000450                LPUART0_RxTx_IRQHandler
                0x00000450                LPTMR0_IRQHandler
                0x00000450                BusFault_Handler
                0x00000450                Reserved87_IRQHandler
                0x00000450                FTM1_Ovf_Reload_IRQHandler
                0x00000450                DMA8_IRQHandler
                0x00000450                Reserved93_IRQHandler
                0x00000450                DMA10_IRQHandler
                0x00000450                CAN0_Wake_Up_IRQHandler
                0x00000450                CMP0_IRQHandler
                0x00000450                Reserved52_IRQHandler
                0x00000450                PORTC_IRQHandler
                0x00000450                DMA6_IRQHandler
                0x00000450                FTM1_Ch0_Ch1_IRQHandler
                0x00000450                FLEXIO_IRQHandler
                0x00000450                DMA1_IRQHandler
                0x00000450                Reserved113_IRQHandler
 *(.text*)
 .text.EnableTimer400ms
                0x00000454       0x20 ./src/time400ms.o
                0x00000454                EnableTimer400ms
 .text.DisableTimer400ms
                0x00000474       0x18 ./src/time400ms.o
                0x00000474                DisableTimer400ms
 .text.DisableTimer100ms
                0x0000048c       0x18 ./src/time100ms.o
                0x0000048c                DisableTimer100ms
 .text.WDOG_disable
                0x000004a4       0x2c ./src/main.o
                0x000004a4                WDOG_disable
 .text.main     0x000004d0      0x1f4 ./src/main.o
                0x000004d0                main
 .text.LPIT0_Ch0_IRQHandler
                0x000006c4       0x2c ./src/main.o
                0x000006c4                LPIT0_Ch0_IRQHandler
 .text.EnablePCC
                0x000006f0       0x44 ./src/initproyect.o
                0x000006f0                EnablePCC
 .text.NVIC_init_IRQs
                0x00000734       0x2c ./src/initproyect.o
                0x00000734                NVIC_init_IRQs
 .text.WindowInit
                0x00000760      0x128 ./src/initproyect.o
                0x00000760                WindowInit
 .text.IndicatorsInit
                0x00000888       0x68 ./src/initproyect.o
                0x00000888                IndicatorsInit
 .text.ButtonsInit
                0x000008f0       0x58 ./src/initproyect.o
                0x000008f0                ButtonsInit
 .text.LPIT0_init
                0x00000948       0x58 ./src/initproyect.o
                0x00000948                LPIT0_init
 .text.SOSC_init_8MHz
                0x000009a0       0x4c ./src/clocks_and_modes.o
                0x000009a0                SOSC_init_8MHz
 .text.SPLL_init_160MHz
                0x000009ec       0x64 ./src/clocks_and_modes.o
                0x000009ec                SPLL_init_160MHz
 .text.NormalRUNmode_80MHz
                0x00000a50       0x2c ./src/clocks_and_modes.o
                0x00000a50                NormalRUNmode_80MHz
 .text.SystemInit
                0x00000a7c       0x30 ./Project_Settings/Startup_Code/system_S32K144.o
                0x00000a7c                SystemInit
 .text.init_data_bss
                0x00000aac       0xf4 ./Project_Settings/Startup_Code/startup.o
                0x00000aac                init_data_bss
 *(.rodata)
 *(.rodata*)
 *(.glue_7)
 .glue_7        0x00000000        0x0 linker stubs
 *(.glue_7t)
 .glue_7t       0x00000000        0x0 linker stubs
 *(.eh_frame)
 *(.init)
 *(.fini)
                0x00000ba0                . = ALIGN (0x4)

.vfp11_veneer   0x00000ba0        0x0
 .vfp11_veneer  0x00000000        0x0 linker stubs

.v4_bx          0x00000ba0        0x0
 .v4_bx         0x00000000        0x0 linker stubs

.iplt           0x00000ba0        0x0
 .iplt          0x00000000        0x0 C:/NXP/S32DS_ARM_v2.0/S32DS/arm_ewl2/lib/armv7e-m/__arm_start.o

.rel.dyn        0x00000ba0        0x0
 .rel.iplt      0x00000000        0x0 C:/NXP/S32DS_ARM_v2.0/S32DS/arm_ewl2/lib/armv7e-m/__arm_start.o

.ARM.extab
 *(.ARM.extab* .gnu.linkonce.armextab.*)

.ARM            0x00000ba0        0x0
                0x00000ba0                __exidx_start = .
 *(.ARM.exidx*)
                0x00000ba0                __exidx_end = .

.ctors          0x00000ba0        0x0
                0x00000ba0                __CTOR_LIST__ = .
 *crtbegin.o(.ctors)
 *crtbegin?.o(.ctors)
 *(EXCLUDE_FILE(*crtend.o *crtend?.o) .ctors)
 *(SORT(.ctors.*))
 *(.ctors)
                0x00000ba0                __CTOR_END__ = .

.dtors          0x00000ba0        0x0
                0x00000ba0                __DTOR_LIST__ = .
 *crtbegin.o(.dtors)
 *crtbegin?.o(.dtors)
 *(EXCLUDE_FILE(*crtend.o *crtend?.o) .dtors)
 *(SORT(.dtors.*))
 *(.dtors)
                0x00000ba0                __DTOR_END__ = .

.preinit_array  0x00000ba0        0x0
                0x00000ba0                PROVIDE (__preinit_array_start, .)
 *(.preinit_array*)
                0x00000ba0                PROVIDE (__preinit_array_end, .)

.init_array     0x00000ba0        0x0
                0x00000ba0                PROVIDE (__init_array_start, .)
 *(SORT(.init_array.*))
 *(.init_array*)
                0x00000ba0                PROVIDE (__init_array_end, .)

.fini_array     0x00000ba0        0x0
                0x00000ba0                PROVIDE (__fini_array_start, .)
 *(SORT(.fini_array.*))
 *(.fini_array*)
                0x00000ba0                PROVIDE (__fini_array_end, .)
                0x00000ba0                __etext = .
                0x00000ba0                __DATA_ROM = .

.interrupts_ram
                0x1fff8000      0x400
                0x1fff8000                . = ALIGN (0x4)
                0x1fff8000                __VECTOR_RAM__ = .
                0x1fff8000                __interrupts_ram_start__ = .
 *(.m_interrupts_ram)
                0x1fff8400                . = (. + M_VECTOR_RAM_SIZE)
 *fill*         0x1fff8000      0x400 
                0x1fff8400                . = ALIGN (0x4)
                0x1fff8400                __interrupts_ram_end__ = .
                0x1fff8000                __VECTOR_RAM = DEFINED (__flash_vector_table__)?ORIGIN (m_interrupts):__VECTOR_RAM__
                0x00000400                __RAM_VECTOR_TABLE_SIZE = DEFINED (__flash_vector_table__)?0x0:(__interrupts_ram_end__ - __interrupts_ram_start__)

.data           0x1fff8400        0x0 load address 0x00000ba0
                0x1fff8400                . = ALIGN (0x4)
                0x1fff8400                __DATA_RAM = .
                0x1fff8400                __data_start__ = .
 *(.data)
 *(.data*)
 *(.jcr*)
                0x1fff8400                . = ALIGN (0x4)
                0x1fff8400                __data_end__ = .
                0x00000ba0                __DATA_END = (__DATA_ROM + (__data_end__ - __data_start__))
                0x00000ba0                __CODE_ROM = __DATA_END

.igot.plt       0x1fff8400        0x0
 .igot.plt      0x00000000        0x0 C:/NXP/S32DS_ARM_v2.0/S32DS/arm_ewl2/lib/armv7e-m/__arm_start.o

.code           0x1fff8400        0x0 load address 0x00000ba0
                0x1fff8400                . = ALIGN (0x4)
                0x1fff8400                __CODE_RAM = .
                0x1fff8400                __code_start__ = .
 *(.code_ram)
                0x1fff8400                . = ALIGN (0x4)
                0x1fff8400                __code_end__ = .
                0x00000ba0                __CODE_END = (__CODE_ROM + (__code_end__ - __code_start__))

.customSectionBlock
 *(.customSection)

.bss            0x20000000        0xc
                0x20000000                . = ALIGN (0x4)
                0x20000000                __BSS_START = .
                0x20000000                __bss_start__ = .
 *(.bss)
 *(.bss*)
 .bss.lpit0_ch0_flag_counter
                0x20000000        0x4 ./src/main.o
                0x20000000                lpit0_ch0_flag_counter
 .bss.pushup    0x20000004        0x4 ./src/main.o
                0x20000004                pushup
 .bss.level     0x20000008        0x4 ./src/main.o
                0x20000008                level
 *(COMMON)
                0x2000000c                . = ALIGN (0x4)
                0x2000000c                __bss_end__ = .
                0x2000000c                __BSS_END = .

.heap           0x2000000c      0x404
                0x20000010                . = ALIGN (0x8)
 *fill*         0x2000000c        0x4 
                0x20000010                __end__ = .
                0x20000010                PROVIDE (end, .)
                0x20000010                PROVIDE (_end, .)
                0x20000010                PROVIDE (__end, .)
                0x20000010                __HeapBase = .
                0x20000410                . = (. + HEAP_SIZE)
 *fill*         0x20000010      0x400 
                0x20000410                __HeapLimit = .
                0x20000410                __heap_limit = .

.stack          0x20000410      0x400
                0x20000410                . = ALIGN (0x8)
                0x20000810                . = (. + STACK_SIZE)
 *fill*         0x20000410      0x400 
                0x20007000                __StackTop = (ORIGIN (m_data_2) + 0x7000)
                0x20006c00                __StackLimit = (__StackTop - STACK_SIZE)
                0x20007000                PROVIDE (__stack, __StackTop)

.ARM.attributes
                0x00000000       0x31
 *(.ARM.attributes)
 .ARM.attributes
                0x00000000       0x33 ./src/time400ms.o
 .ARM.attributes
                0x00000033       0x33 ./src/time100ms.o
 .ARM.attributes
                0x00000066       0x33 ./src/main.o
 .ARM.attributes
                0x00000099       0x33 ./src/initproyect.o
 .ARM.attributes
                0x000000cc       0x33 ./src/clocks_and_modes.o
 .ARM.attributes
                0x000000ff       0x33 ./Project_Settings/Startup_Code/system_S32K144.o
 .ARM.attributes
                0x00000132       0x1b ./Project_Settings/Startup_Code/startup_S32K144.o
 .ARM.attributes
                0x0000014d       0x33 ./Project_Settings/Startup_Code/startup.o
                0x00000001                ASSERT ((__StackLimit >= __HeapLimit), region m_data_2 overflowed with stack and heap)
OUTPUT(WindowsLifter.elf elf32-littlearm)

.debug_info     0x00000000     0x16b5
 .debug_info    0x00000000      0x1a2 ./src/time400ms.o
 .debug_info    0x000001a2      0x1a2 ./src/time100ms.o
 .debug_info    0x00000344      0x30e ./src/main.o
 .debug_info    0x00000652      0x487 ./src/initproyect.o
 .debug_info    0x00000ad9      0x269 ./src/clocks_and_modes.o
 .debug_info    0x00000d42      0x500 ./Project_Settings/Startup_Code/system_S32K144.o
 .debug_info    0x00001242       0x88 ./Project_Settings/Startup_Code/startup_S32K144.o
 .debug_info    0x000012ca      0x3eb ./Project_Settings/Startup_Code/startup.o

.debug_abbrev   0x00000000      0x62a
 .debug_abbrev  0x00000000       0xaa ./src/time400ms.o
 .debug_abbrev  0x000000aa       0xaa ./src/time100ms.o
 .debug_abbrev  0x00000154      0x109 ./src/main.o
 .debug_abbrev  0x0000025d       0xde ./src/initproyect.o
 .debug_abbrev  0x0000033b       0xc2 ./src/clocks_and_modes.o
 .debug_abbrev  0x000003fd      0x118 ./Project_Settings/Startup_Code/system_S32K144.o
 .debug_abbrev  0x00000515       0x14 ./Project_Settings/Startup_Code/startup_S32K144.o
 .debug_abbrev  0x00000529      0x101 ./Project_Settings/Startup_Code/startup.o

.debug_aranges  0x00000000      0x168
 .debug_aranges
                0x00000000       0x28 ./src/time400ms.o
 .debug_aranges
                0x00000028       0x28 ./src/time100ms.o
 .debug_aranges
                0x00000050       0x30 ./src/main.o
 .debug_aranges
                0x00000080       0x48 ./src/initproyect.o
 .debug_aranges
                0x000000c8       0x30 ./src/clocks_and_modes.o
 .debug_aranges
                0x000000f8       0x30 ./Project_Settings/Startup_Code/system_S32K144.o
 .debug_aranges
                0x00000128       0x20 ./Project_Settings/Startup_Code/startup_S32K144.o
 .debug_aranges
                0x00000148       0x20 ./Project_Settings/Startup_Code/startup.o

.debug_ranges   0x00000000       0xd8
 .debug_ranges  0x00000000       0x18 ./src/time400ms.o
 .debug_ranges  0x00000018       0x18 ./src/time100ms.o
 .debug_ranges  0x00000030       0x20 ./src/main.o
 .debug_ranges  0x00000050       0x38 ./src/initproyect.o
 .debug_ranges  0x00000088       0x20 ./src/clocks_and_modes.o
 .debug_ranges  0x000000a8       0x20 ./Project_Settings/Startup_Code/system_S32K144.o
 .debug_ranges  0x000000c8       0x10 ./Project_Settings/Startup_Code/startup.o

.debug_macro    0x00000000     0xfebb
 .debug_macro   0x00000000       0xaa ./src/time400ms.o
 .debug_macro   0x000000aa      0x868 ./src/time400ms.o
 .debug_macro   0x00000912       0x52 ./src/time400ms.o
 .debug_macro   0x00000964       0xa0 ./src/time400ms.o
 .debug_macro   0x00000a04       0x16 ./src/time400ms.o
 .debug_macro   0x00000a1a       0x19 ./src/time400ms.o
 .debug_macro   0x00000a33       0x64 ./src/time400ms.o
 .debug_macro   0x00000a97      0x185 ./src/time400ms.o
 .debug_macro   0x00000c1c      0x140 ./src/time400ms.o
 .debug_macro   0x00000d5c       0x9d ./src/time400ms.o
 .debug_macro   0x00000df9       0x10 ./src/time400ms.o
 .debug_macro   0x00000e09      0x15b ./src/time400ms.o
 .debug_macro   0x00000f64       0x28 ./src/time400ms.o
 .debug_macro   0x00000f8c       0x58 ./src/time400ms.o
 .debug_macro   0x00000fe4     0xdf8d ./src/time400ms.o
 .debug_macro   0x0000ef71       0xaa ./src/time100ms.o
 .debug_macro   0x0000f01b       0xb3 ./src/main.o
 .debug_macro   0x0000f0ce       0x88 ./src/main.o
 .debug_macro   0x0000f156       0xaf ./src/initproyect.o
 .debug_macro   0x0000f205       0xaa ./src/clocks_and_modes.o
 .debug_macro   0x0000f2af       0xe9 ./Project_Settings/Startup_Code/system_S32K144.o
 .debug_macro   0x0000f398       0x10 ./Project_Settings/Startup_Code/system_S32K144.o
 .debug_macro   0x0000f3a8       0x6d ./Project_Settings/Startup_Code/system_S32K144.o
 .debug_macro   0x0000f415      0x978 ./Project_Settings/Startup_Code/system_S32K144.o
 .debug_macro   0x0000fd8d       0x22 ./Project_Settings/Startup_Code/system_S32K144.o
 .debug_macro   0x0000fdaf       0x22 ./Project_Settings/Startup_Code/system_S32K144.o
 .debug_macro   0x0000fdd1       0xea ./Project_Settings/Startup_Code/startup.o

.debug_line     0x00000000      0xfd0
 .debug_line    0x00000000      0x1c7 ./src/time400ms.o
 .debug_line    0x000001c7      0x1c7 ./src/time100ms.o
 .debug_line    0x0000038e      0x27e ./src/main.o
 .debug_line    0x0000060c      0x244 ./src/initproyect.o
 .debug_line    0x00000850      0x21a ./src/clocks_and_modes.o
 .debug_line    0x00000a6a      0x28f ./Project_Settings/Startup_Code/system_S32K144.o
 .debug_line    0x00000cf9       0x83 ./Project_Settings/Startup_Code/startup_S32K144.o
 .debug_line    0x00000d7c      0x254 ./Project_Settings/Startup_Code/startup.o

.debug_str      0x00000000    0x62909
 .debug_str     0x00000000    0x5dc17 ./src/time400ms.o
                              0x5dca7 (size before relaxing)
 .debug_str     0x0005dc17       0x36 ./src/time100ms.o
                              0x5dca7 (size before relaxing)
 .debug_str     0x0005dc4d      0x200 ./src/main.o
                              0x5de79 (size before relaxing)
 .debug_str     0x0005de4d       0xfa ./src/initproyect.o
                              0x5de9b (size before relaxing)
 .debug_str     0x0005df47       0xd1 ./src/clocks_and_modes.o
                              0x5dd41 (size before relaxing)
 .debug_str     0x0005e018     0x47d1 ./Project_Settings/Startup_Code/system_S32K144.o
                              0x624df (size before relaxing)
 .debug_str     0x000627e9      0x120 ./Project_Settings/Startup_Code/startup.o
                              0x62416 (size before relaxing)

.comment        0x00000000       0x70
 .comment       0x00000000       0x70 ./src/time400ms.o
                                 0x71 (size before relaxing)
 .comment       0x00000000       0x71 ./src/time100ms.o
 .comment       0x00000000       0x71 ./src/main.o
 .comment       0x00000000       0x71 ./src/initproyect.o
 .comment       0x00000000       0x71 ./src/clocks_and_modes.o
 .comment       0x00000000       0x71 ./Project_Settings/Startup_Code/system_S32K144.o
 .comment       0x00000000       0x71 ./Project_Settings/Startup_Code/startup.o

.debug_frame    0x00000000      0x304
 .debug_frame   0x00000000       0x50 ./src/time400ms.o
 .debug_frame   0x00000050       0x50 ./src/time100ms.o
 .debug_frame   0x000000a0       0x6c ./src/main.o
 .debug_frame   0x0000010c       0xd0 ./src/initproyect.o
 .debug_frame   0x000001dc       0x70 ./src/clocks_and_modes.o
 .debug_frame   0x0000024c       0x80 ./Project_Settings/Startup_Code/system_S32K144.o
 .debug_frame   0x000002cc       0x38 ./Project_Settings/Startup_Code/startup.o
